// Jest Snapshot v1, https://goo.gl/fbAQLP

exports[`<GrowTranstion/> should display notification 1`] = `"<div notification="[object Object]">notification</div>"`;

exports[`<GrowTranstion/> should display notification 2`] = `
[
  [
    [
      {
        "opacity": 0,
        "transform": "scale(0.6)",
      },
      {
        "opacity": 1,
        "transform": "scale(1)",
      },
    ],
    {
      "duration": 300,
      "fill": "forwards",
    },
  ],
]
`;

exports[`<GrowTranstion/> should display notification 3`] = `"<div notification="[object Object]" duration="1">notification</div>"`;

exports[`<GrowTranstion/> should display notification 4`] = `
[
  [
    [
      {
        "opacity": 0,
        "transform": "scale(0.6)",
      },
    ],
    {
      "duration": 1,
      "fill": "forwards",
    },
  ],
  [
    [
      {
        "maxHeight": "150px",
      },
      {
        "margin": 0,
        "maxHeight": 0,
      },
    ],
    {
      "delay": 1,
      "duration": 1,
      "fill": "forwards",
    },
  ],
]
`;
