// Jest Snapshot v1, https://goo.gl/fbAQLP

exports[`<NotificationContainer/> should render a container with a notification 1`] = `
"<div data-testid=\\"timed-notification\\">
  <div data-testid=\\"notification\\" role=\\"alert\\" class=\\"reapop__notification reapop__notification--none reapop__notification--buttons-0 reapop__notification--dismissible\\">
    <div class=\\"reapop__notification-meta\\">
      <p class=\\"reapop__notification-message\\">hello world!</p>
    </div>
  </div>
</div>"
`;
