// Jest Snapshot v1, https://goo.gl/fbAQLP

exports[`<Notification/> should render component (with 1 button) 1`] = `"<div class=\\"notification-wrapper\\"><div class=\\"notification notification--default notification--buttons-2 \\"><span class=\\"fa notification-icon\\"></span><div class=\\"notification-meta\\"><h4 class=\\"notification-title\\">a title</h4><p class=\\"notification-message\\">a message</p></div><div class=\\"notification-close-button-container\\"><span class=\\"fa notification-close-button\\"></span></div><div class=\\"notification-buttons\\"><button class=\\"notification-button\\"><span class=\\"notification-button-text\\"><b>Yes</b></span></button></div></div></div>"`;

exports[`<Notification/> should render component (with 2 buttons) 1`] = `"<div class=\\"notification-wrapper\\"><div class=\\"notification notification--default notification--buttons-2 \\"><span class=\\"fa notification-icon\\"></span><div class=\\"notification-meta\\"><h4 class=\\"notification-title\\">a title</h4><p class=\\"notification-message\\">a message</p></div><div class=\\"notification-close-button-container\\"><span class=\\"fa notification-close-button\\"></span></div><div class=\\"notification-buttons\\"><button class=\\"notification-button\\"><span class=\\"notification-button-text\\"><b>Yes</b></span></button><button class=\\"notification-button\\"><span class=\\"notification-button-text\\">No</span></button></div></div></div>"`;

exports[`<Notification/> should render component (with HTML in the message) 1`] = `"<div class=\\"notification-wrapper\\"><div class=\\"notification notification--default notification--buttons-2 \\"><span class=\\"fa notification-icon\\"></span><div class=\\"notification-meta\\"><h4 class=\\"notification-title\\">a title</h4><p class=\\"notification-message\\">a message <b>HEY</b></p></div><div class=\\"notification-close-button-container\\"><span class=\\"fa notification-close-button\\"></span></div><div class=\\"notification-buttons\\"><button class=\\"notification-button\\"><span class=\\"notification-button-text\\"><b>Yes</b></span></button><button class=\\"notification-button\\"><span class=\\"notification-button-text\\">No</span></button></div></div></div>"`;

exports[`<Notification/> should render component (with HTML in the title) 1`] = `"<div class=\\"notification-wrapper\\"><div class=\\"notification notification--default notification--buttons-2 \\"><span class=\\"fa notification-icon\\"></span><div class=\\"notification-meta\\"><h4 class=\\"notification-title\\">A title with <i>html</i></h4><p class=\\"notification-message\\">a message</p></div><div class=\\"notification-close-button-container\\"><span class=\\"fa notification-close-button\\"></span></div><div class=\\"notification-buttons\\"><button class=\\"notification-button\\"><span class=\\"notification-button-text\\"><b>Yes</b></span></button><button class=\\"notification-button\\"><span class=\\"notification-button-text\\">No</span></button></div></div></div>"`;

exports[`<Notification/> should render component (with close button) 1`] = `"<div class=\\"notification-wrapper\\"><div class=\\"notification notification--default  \\"><span class=\\"fa notification-icon\\"></span><div class=\\"notification-meta\\"><h4 class=\\"notification-title\\">a title</h4><p class=\\"notification-message\\">a message</p></div><div class=\\"notification-close-button-container\\"><span class=\\"fa notification-close-button\\"></span></div></div></div>"`;

exports[`<Notification/> should render component (with image) 1`] = `"<div class=\\"notification-wrapper\\"><div class=\\"notification notification--default notification--buttons-2 \\"><div class=\\"notification-image-container\\"><span class=\\"notification-image\\" style=\\"background-image:url(an_url)\\"></span></div><div class=\\"notification-meta\\"><h4 class=\\"notification-title\\">a title</h4><p class=\\"notification-message\\">a message</p></div><div class=\\"notification-close-button-container\\"><span class=\\"fa notification-close-button\\"></span></div><div class=\\"notification-buttons\\"><button class=\\"notification-button\\"><span class=\\"notification-button-text\\"><b>Yes</b></span></button><button class=\\"notification-button\\"><span class=\\"notification-button-text\\">No</span></button></div></div></div>"`;

exports[`<Notification/> should render component (with message) 1`] = `"<div class=\\"notification-wrapper\\"><div class=\\"notification notification--default notification--buttons-2 \\"><span class=\\"fa notification-icon\\"></span><div class=\\"notification-meta\\"><h4 class=\\"notification-title\\">a title</h4><p class=\\"notification-message\\">a message</p></div><div class=\\"notification-close-button-container\\"><span class=\\"fa notification-close-button\\"></span></div><div class=\\"notification-buttons\\"><button class=\\"notification-button\\"><span class=\\"notification-button-text\\"><b>Yes</b></span></button><button class=\\"notification-button\\"><span class=\\"notification-button-text\\">No</span></button></div></div></div>"`;

exports[`<Notification/> should render component (with title) 1`] = `"<div class=\\"notification-wrapper\\"><div class=\\"notification notification--default notification--buttons-2 \\"><span class=\\"fa notification-icon\\"></span><div class=\\"notification-meta\\"><h4 class=\\"notification-title\\">a title</h4><p class=\\"notification-message\\">a message</p></div><div class=\\"notification-close-button-container\\"><span class=\\"fa notification-close-button\\"></span></div><div class=\\"notification-buttons\\"><button class=\\"notification-button\\"><span class=\\"notification-button-text\\"><b>Yes</b></span></button><button class=\\"notification-button\\"><span class=\\"notification-button-text\\">No</span></button></div></div></div>"`;

exports[`<Notification/> should render component (without buttons) 1`] = `"<div class=\\"notification-wrapper\\"><div class=\\"notification notification--default  \\"><span class=\\"fa notification-icon\\"></span><div class=\\"notification-meta\\"><h4 class=\\"notification-title\\">a title</h4><p class=\\"notification-message\\">a message</p></div><div class=\\"notification-close-button-container\\"><span class=\\"fa notification-close-button\\"></span></div></div></div>"`;

exports[`<Notification/> should render component (without close button) 1`] = `"<div class=\\"notification-wrapper\\"><div class=\\"notification notification--default  notification--dismissible\\"><span class=\\"fa notification-icon\\"></span><div class=\\"notification-meta\\"><h4 class=\\"notification-title\\">a title</h4><p class=\\"notification-message\\">a message</p></div></div></div>"`;

exports[`<Notification/> should render component (without image) 1`] = `"<div class=\\"notification-wrapper\\"><div class=\\"notification notification--default notification--buttons-2 \\"><span class=\\"fa notification-icon\\"></span><div class=\\"notification-meta\\"><h4 class=\\"notification-title\\">a title</h4><p class=\\"notification-message\\">a message</p></div><div class=\\"notification-close-button-container\\"><span class=\\"fa notification-close-button\\"></span></div><div class=\\"notification-buttons\\"><button class=\\"notification-button\\"><span class=\\"notification-button-text\\"><b>Yes</b></span></button><button class=\\"notification-button\\"><span class=\\"notification-button-text\\">No</span></button></div></div></div>"`;

exports[`<Notification/> should render component (without message) 1`] = `"<div class=\\"notification-wrapper\\"><div class=\\"notification notification--default notification--buttons-2 \\"><span class=\\"fa notification-icon\\"></span><div class=\\"notification-meta\\"><h4 class=\\"notification-title\\">a title</h4></div><div class=\\"notification-close-button-container\\"><span class=\\"fa notification-close-button\\"></span></div><div class=\\"notification-buttons\\"><button class=\\"notification-button\\"><span class=\\"notification-button-text\\"><b>Yes</b></span></button><button class=\\"notification-button\\"><span class=\\"notification-button-text\\">No</span></button></div></div></div>"`;

exports[`<Notification/> should render component (without title) 1`] = `"<div class=\\"notification-wrapper\\"><div class=\\"notification notification--default notification--buttons-2 \\"><span class=\\"fa notification-icon\\"></span><div class=\\"notification-meta\\"><p class=\\"notification-message\\">a message</p></div><div class=\\"notification-close-button-container\\"><span class=\\"fa notification-close-button\\"></span></div><div class=\\"notification-buttons\\"><button class=\\"notification-button\\"><span class=\\"notification-button-text\\"><b>Yes</b></span></button><button class=\\"notification-button\\"><span class=\\"notification-button-text\\">No</span></button></div></div></div>"`;
